Tasks: 1
Title: 'Comprar pan'
Date: Sat Oct 10 23:59:59 CST 2026